============================= test session starts =============================
platform win32 -- Python 3.11.9, pytest-8.4.1, pluggy-1.6.0 -- D:\scoop\apps\python311\current\python.exe
cachedir: .pytest_cache
hypothesis profile 'default'
rootdir: D:\1VSCODE\Projects\PackU\OrganizeFolder
configfile: pytest.ini
plugins: anyio-4.10.0, Faker-37.5.3, hypothesis-6.148.7
collecting ... collected 14 items

src/synct/tests/test_file_mode.py::TestExtractTimestamp::test_yyyy_mm_dd_format PASSED [  7%]
src/synct/tests/test_file_mode.py::TestExtractTimestamp::test_yyyymmdd_format PASSED [ 14%]
src/synct/tests/test_file_mode.py::TestExtractTimestamp::test_yyyy_mm_format PASSED [ 21%]
src/synct/tests/test_file_mode.py::TestExtractTimestamp::test_no_timestamp PASSED [ 28%]
src/synct/tests/test_file_mode.py::TestExtractTimestamp::test_chinese_filename_with_date PASSED [ 35%]
src/synct/tests/test_file_mode.py::TestScanFilesForTimestamp::test_scan_non_recursive PASSED [ 42%]
src/synct/tests/test_file_mode.py::TestScanFilesForTimestamp::test_scan_recursive PASSED [ 50%]
src/synct/tests/test_file_mode.py::TestScanFilesForTimestamp::test_empty_directory PASSED [ 57%]
src/synct/tests/test_file_mode.py::TestCategorizeFiles::test_categorize_single_layer PASSED [ 64%]
src/synct/tests/test_file_mode.py::TestCategorizeFiles::test_categorize_multi_layer PASSED [ 71%]
src/synct/tests/test_file_mode.py::TestArchiveFile::test_archive_file_basic PASSED [ 78%]
src/synct/tests/test_file_mode.py::TestArchiveFile::test_archive_file_dry_run PASSED [ 85%]
src/synct/tests/test_file_mode.py::TestArchiveFile::test_archive_file_conflict_resolution PASSED [ 92%]
src/synct/tests/test_file_mode.py::TestIntegration::test_full_workflow PASSED [100%]

============================= 14 passed in 0.70s ==============================
